<html lang="en">
    <head>

    </head>

    <body>
        ${partial()
    </body>
</html>